hlsl.flattenOpaqueInit.vert
WARNING: AST will form illegal SPIR-V; need to transform to legalize
// Module Version 10000
// Generated by (magic number): 80001
// Id's are bound by 117

                              Capability Shader
               1:             ExtInstImport  "GLSL.std.450"
                              MemoryModel Logical GLSL450
                              EntryPoint Vertex 4  "main" 78
                              Source HLSL 500
                              Name 4  "main"
                              Name 17  "FxaaTex"
                              MemberName 17(FxaaTex) 0  "smpl"
                              MemberName 17(FxaaTex) 1  "tex"
                              Name 38  "g_tInputTexture_sampler"
                              Name 42  "g_tInputTexture"
                              Name 78  "@entryPointOutput"
                              Decorate 38(g_tInputTexture_sampler) DescriptorSet 0
                              Decorate 42(g_tInputTexture) DescriptorSet 0
                              Decorate 78(@entryPointOutput) Location 0
               2:             TypeVoid
               3:             TypeFunction 2
               6:             TypeSampler
               8:             TypeFloat 32
               9:             TypeImage 8(float) 2D sampled format:Unknown
              11:             TypeVector 8(float) 4
     17(FxaaTex):             TypeStruct 6 9
              26:             TypeSampledImage 9
              28:             TypeVector 8(float) 2
              29:    8(float) Constant 1050253722
              30:    8(float) Constant 1053609165
              31:   28(fvec2) ConstantComposite 29 30
              32:    8(float) Constant 0
              37:             TypePointer UniformConstant 6
38(g_tInputTexture_sampler):     37(ptr) Variable UniformConstant
              41:             TypePointer UniformConstant 9
42(g_tInputTexture):     41(ptr) Variable UniformConstant
              77:             TypePointer Output 11(fvec4)
78(@entryPointOutput):     77(ptr) Variable Output
         4(main):           2 Function None 3
               5:             Label
              90:           6 Load 38(g_tInputTexture_sampler)
              91:           9 Load 42(g_tInputTexture)
             115:          26 SampledImage 91 90
             116:   11(fvec4) ImageSampleExplicitLod 115 31 Lod 32
                              Store 78(@entryPointOutput) 116
                              Return
                              FunctionEnd
